components/dashboard/widgets/XIRRTimeMachine.tsx(186,33): error TS2322: Type '(value: number, name: string) => [string, string]' is not assignable to type 'Formatter<number, string> & ((value: number, name: string, item: Payload<number, string>, index: number, payload: Payload<number, string>[]) => ReactNode | [...])'.
  Type '(value: number, name: string) => [string, string]' is not assignable to type 'Formatter<number, string>'.
    Types of parameters 'value' and 'value' are incompatible.
      Type 'number | undefined' is not assignable to type 'number'.
        Type 'undefined' is not assignable to type 'number'.
